sources=lib.rs,walk.rs,generate.rs,execute.rs,classify.rs,check.rs,main.rs
BXW0061|workspace root must be a real directory containing a regular Cargo.toml|boxology-details/02-packages.md discovery walk; S5-T4 #326 PR1 task authority
BXW0062|filesystem refused a directory, symlink, or manifest read|boxology-details/02-packages.md discovery walk; S5-T4 #326 PR1 task authority
BXW0063|walked name/path is not a valid RelativePath|boxology-details/02-packages.md discovery walk; S5-T4 #326 PR1 task authority
BXW0064|only the boxology-contract generator is supported by generate|specs/s5-manifest-and-validation.md D5
BXW0065|the requested package must be a discovered workspace package|specs/s5-manifest-and-validation.md D5
BXW0066|the selected package must declare a contract-generation output|specs/s5-manifest-and-validation.md D5
BXW0067|a generation candidate must declare exactly one box-implementation crate|specs/s5-manifest-and-validation.md D5
BXW0068|generation candidates must not declare imports outside their package inputs|specs/s5-manifest-and-validation.md D5
BXW0069|a package must declare at most one contract-generation output|specs/s5-manifest-and-validation.md D5
BXW0070|a generation input must be a readable regular file|specs/s5-manifest-and-validation.md D5
BXW0071|the contract generator returned diagnostics|specs/s5-manifest-and-validation.md D5
BXW0072|the generated tree could not be written|specs/s5-manifest-and-validation.md D5
BXW0073|a generator output is not covered by a declared output pattern|specs/s5-manifest-and-validation.md D5 (inferred)
BXW0075|cargo metadata could not be executed or did not return valid workspace metadata|specs/s5-manifest-and-validation.md D4
BXW0076|the checked-in schema document must be a readable regular file|specs/s5-manifest-and-validation.md D5 (inferred)
BXW0077|the checked-in schema document must satisfy the strict format-1 reader|specs/s4-contract-change-classification.md D1; specs/s5-manifest-and-validation.md D5
BXW0078|the regenerated schema document must satisfy the strict format-1 reader|specs/s4-contract-change-classification.md D1; specs/s5-manifest-and-validation.md D5
BXW0079|the checked-in and regenerated schema documents must pair and satisfy classifier integrity|specs/s4-contract-change-classification.md D2 D6; specs/s5-manifest-and-validation.md D5
BXW0080|the base-revision schema document must satisfy the strict format-1 reader|specs/s4-contract-change-classification.md D1; specs/s5-manifest-and-validation.md D6
BXW0081|the checked-in schema document must satisfy the strict format-1 reader|specs/s4-contract-change-classification.md D1; specs/s5-manifest-and-validation.md D6
BXW0082|the base-revision and checked-in schema documents must pair and satisfy classifier integrity|specs/s4-contract-change-classification.md D2 D6; specs/s5-manifest-and-validation.md D6
