sources=lib.rs,walk.rs
BXW0061|workspace root must be a real directory containing a regular Cargo.toml|boxology-details/02-packages.md discovery walk; S5-T4 #326 PR1 task authority
BXW0062|filesystem refused a directory, symlink, or manifest read|boxology-details/02-packages.md discovery walk; S5-T4 #326 PR1 task authority
BXW0063|walked name/path is not a valid RelativePath|boxology-details/02-packages.md discovery walk; S5-T4 #326 PR1 task authority
